// Jest Snapshot v1, https://goo.gl/fbAQLP

exports[`Form should match snapshot 1`] = `
<form>
  <input
    name="name"
    onChange={[Function]}
    placeholder="Name"
    type="text"
    value=""
  />
  <input
    name="date"
    onChange={[Function]}
    placeholder="Date"
    type="date"
    value=""
  />
  <input
    name="time"
    onChange={[Function]}
    placeholder="Time"
    type="time"
    value=""
  />
  <input
    name="number"
    onChange={[Function]}
    placeholder="Number of Guests"
    type="number"
    value={null}
  />
  <button
    onClick={[Function]}
  >
    Submit!
  </button>
</form>
`;
